demo_data/ls.GD01.AH.ANQ.BHZ.302.sac
demo_data/ls.GD01.AH.BAS.BHZ.302.sac
demo_data/ls.GD01.AH.BEB.BHZ.302.sac
demo_data/ls.GD01.AH.CHZ.BHZ.302.sac
demo_data/ls.GD01.AH.CZO.BHZ.302.sac
demo_data/ls.GD01.AH.DYN.BHZ.302.sac
demo_data/ls.GD01.AH.DZH.BHZ.302.sac
demo_data/ls.GD01.AH.FNT.BHZ.302.sac
demo_data/ls.GD01.AH.FZL.BHZ.302.sac
demo_data/ls.GD01.AH.GDT.BHZ.277.sac
demo_data/ls.GD01.AH.HEF.BHZ.302.sac
demo_data/ls.GD01.AH.HNA.BHZ.302.sac
demo_data/ls.GD01.AH.HNT.BHZ.105.sac
demo_data/ls.GD01.AH.HSH.BHZ.302.sac
demo_data/ls.GD01.AH.HUS.BHZ.302.sac
demo_data/ls.GD01.AH.JAS.BHZ.302.sac
demo_data/ls.GD01.AH.JIX.BHZ.302.sac
demo_data/ls.GD01.AH.JZA.BHZ.302.sac
demo_data/ls.GD01.AH.LAN.BHZ.302.sac
demo_data/ls.GD01.AH.LHS.BHZ.302.sac
demo_data/ls.GD01.AH.MAS.BHZ.302.sac
demo_data/ls.GD01.AH.MCG.BHZ.302.sac
demo_data/ls.GD01.AH.SCH.BHZ.302.sac
demo_data/ls.GD01.AH.SHX.BHZ.302.sac
demo_data/ls.GD01.AH.SIX.BHZ.302.sac
demo_data/ls.GD01.AH.SZT.BHZ.302.sac
demo_data/ls.GD01.AH.TAU.BHZ.302.sac
demo_data/ls.GD01.AH.TOL.BHZ.302.sac
demo_data/ls.GD01.AH.WHU.BHZ.302.sac
demo_data/ls.GD01.AH.WJI.BHZ.302.sac
demo_data/ls.GD01.AH.YUX.BHZ.302.sac
demo_data/ls.GD01.AH.ZOY.BHZ.302.sac
demo_data/ls.GD01.FJ.L3401.BHZ.302.sac
demo_data/ls.GD01.FJ.L3402.BHZ.302.sac
demo_data/ls.GD01.FJ.L3403.BHZ.302.sac
demo_data/ls.GD01.FJ.L3404.BHZ.302.sac
demo_data/ls.GD01.FJ.L3405.BHZ.302.sac
demo_data/ls.GD01.FJ.L3406.BHZ.302.sac
demo_data/ls.GD01.FJ.L3407.BHZ.302.sac
demo_data/ls.GD01.FJ.L3408.BHZ.302.sac
demo_data/ls.GD01.FJ.L3409.BHZ.302.sac
demo_data/ls.GD01.FJ.L3410.BHZ.302.sac
demo_data/ls.GD01.FJ.L3411.BHZ.302.sac
demo_data/ls.GD01.FJ.L3412.BHZ.302.sac
demo_data/ls.GD01.FJ.L3413.BHZ.302.sac
demo_data/ls.GD01.FJ.L3414.BHZ.302.sac
demo_data/ls.GD01.FJ.L3415.BHZ.302.sac
demo_data/ls.GD01.FJ.L3416.BHZ.302.sac
demo_data/ls.GD01.FJ.L3417.BHZ.302.sac
demo_data/ls.GD01.FJ.L3418.BHZ.302.sac
demo_data/ls.GD01.FJ.L3419.BHZ.302.sac
demo_data/ls.GD01.FJ.L3420.BHZ.302.sac
demo_data/ls.GD01.JS.BY.BHZ.302.sac
demo_data/ls.GD01.JS.CS.BHZ.302.sac
demo_data/ls.GD01.JS.CZ.BHZ.302.sac
demo_data/ls.GD01.JS.GC.BHZ.302.sac
demo_data/ls.GD01.JS.GUY.BHZ.302.sac
demo_data/ls.GD01.JS.GY.BHZ.302.sac
demo_data/ls.GD01.JS.HA.BHZ.302.sac
demo_data/ls.GD01.JS.HUA.BHZ.302.sac
demo_data/ls.GD01.JS.JJ.BHZ.302.sac
demo_data/ls.GD01.JS.JT.BHZ.302.sac
demo_data/ls.GD01.JS.KS.BHZ.302.sac
demo_data/ls.GD01.JS.LAS.BHZ.302.sac
demo_data/ls.GD01.JS.LIS.BHZ.302.sac
demo_data/ls.GD01.JS.LY.BHZ.302.sac
demo_data/ls.GD01.JS.NJ2.BHZ.302.sac
demo_data/ls.GD01.JS.NT.BHZ.302.sac
demo_data/ls.GD01.JS.RD.BHZ.088.sac
demo_data/ls.GD01.JS.SH.BHZ.302.sac
demo_data/ls.GD01.JS.SQ.BHZ.302.sac
demo_data/ls.GD01.JS.SY.BHZ.302.sac
demo_data/ls.GD01.JS.TZ.BHZ.302.sac
demo_data/ls.GD01.JS.WX.BHZ.302.sac
demo_data/ls.GD01.JS.XH.BHZ.302.sac
demo_data/ls.GD01.JS.XIY.BHZ.302.sac
demo_data/ls.GD01.JS.XY.BHZ.302.sac
demo_data/ls.GD01.JS.YC.BHZ.302.sac
demo_data/ls.GD01.JS.YX.BHZ.302.sac
demo_data/ls.GD01.JS.ZJ.BHZ.302.sac
demo_data/ls.GD01.SH.HUH.BHZ.302.sac
demo_data/ls.GD01.SH.TPS.BHZ.302.sac
demo_data/ls.GD01.ZJ.CHA.BHZ.302.sac
demo_data/ls.GD01.ZJ.CHX.BHZ.302.sac
demo_data/ls.GD01.ZJ.HAY.BHZ.302.sac
demo_data/ls.GD01.ZJ.HAZ.BHZ.302.sac
demo_data/ls.GD01.ZJ.HUZ.BHZ.302.sac
demo_data/ls.GD01.ZJ.JAX.BHZ.302.sac
demo_data/ls.GD01.ZJ.LIA.BHZ.302.sac
demo_data/ls.GD01.ZJ.XAJ.BHZ.302.sac
demo_data/ls.GD01.ZJ.XSH.BHZ.302.sac
